Microchip MPLAB XC8 Compiler V2.05 ()

Linker command line:

-W-3 --edf=C:\Program Files (x86)\Microchip\xc8\v2.05\pic\dat\en_msgs.txt \
  -cs -h+dist/default/production\Final.X.production.sym \
  --cmf=dist/default/production\Final.X.production.cmf -z -Q18F45K22 \
  -oC:\Users\azhar\AppData\Local\Temp\sb5k.2 --defsym=__MPLAB_BUILD=1 \
  -Mdist/default/production/Final.X.production.map -E1 -ver=XC8 \
  -ASTACK=0392h-05FFh -pstack=STACK -ACODE=00h-07FFFh -ACONST=00h-07FFFh \
  -ASMALLCONST=0600h-06FFhx122 -AMEDIUMCONST=0600h-07FFFh -ACOMRAM=01h-05Fh \
  -AABS1=00h-05FFh -ABIGRAM=01h-05FFh -ARAM=060h-0FFh,0100h-01FFhx5 \
  -ABANK0=060h-0FFh -ABANK1=0100h-01FFh -ABANK2=0200h-02FFh \
  -ABANK3=0300h-03FFh -ABANK4=0400h-04FFh -ABANK5=0500h-05FFh \
  -ASFR=0F38h-0F5Fh,0F60h-0FFFh \
  -preset_vec=00h,intcode=08h,intcodelo,powerup,init -pramtop=0600h \
  -psmallconst=SMALLCONST -pmediumconst=MEDIUMCONST -pconst=CONST \
  -AFARRAM=00h-00h -ACONFIG=0300000h-030000Dh -pconfig=CONFIG \
  -AIDLOC=0200000h-0200007h -pidloc=IDLOC -AEEDATA=0F00000h-0F000FFh \
  -peeprom_data=EEDATA \
  -prdata=COMRAM,nvrram=COMRAM,nvbit=COMRAM,rbss=COMRAM,rbit=COMRAM \
  -pfarbss=FARRAM,fardata=FARRAM,nvFARRAM=FARRAM \
  -pintsave_regs=BIGRAM,bigbss=BIGRAM,bigdata=BIGRAM -pbss=RAM \
  -pidata=CODE,irdata=CODE,ibigdata=CODE,ifardata=CODE -prparam=COMRAM \
  C:\Users\azhar\AppData\Local\Temp\sb5k.o \
  dist/default/production\Final.X.production.o 

Object code version is 3.11

Machine type is 18F45K22

Call graph: (short form)




                Name                               Link     Load   Length Selector   Space Scale
C:\Users\azhar\AppData\Local\Temp\sb5k.o
                init                                 A4       A4        4        4       0
                reset_vec                             0        0        4        0       0
                idloc                            200000   200000        8   200000       0
                config                           300000   300000        E   300000       0
dist/default/production\Final.X.production.o
                intcode                               8        8       9C        4       0
                temp                                 45       45        1        1       1
                mediumconst                        7E2A     7E2A      1D6     3F15       0
                text111                            5178     5178       58        4       0
                text110                            5226     5226       56        4       0
                text109                            57CE     57CE       32        4       0
                text108                            2034     2034      60C        4       0
                text107                            5B18     5B18        6        4       0
                text106                            5B3E     5B3E        2     2D9E       0
                text105                            5B12     5B12        6        4       0
                text104                            4AB6     4AB6       9E        4       0
                text103                            5830     5830       2C        4       0
                text102                            5B32     5B32        4        4       0
                text101                            59E6     59E6       1C        4       0
                text100                            55D8     55D8       42        4       0
                text99                             3570     3570      24E        4       0
                text98                             5B2E     5B2E        4        4       0
                text97                             59CA     59CA       1C        4       0
                text96                             5596     5596       42        4       0
                text95                             3322     3322      24E        4       0
                text94                             5B3C     5B3C        2     2D9E       0
                text93                             59AE     59AE       1C        4       0
                text92                             536A     536A       4C        4       0
                text90                             5A2C     5A2C       12        4       0
                text89                             5A92     5A92        C        4       0
                text88                             5A84     5A84        E        4       0
                text87                             5AFE     5AFE        8        4       0
                text86                             5AF6     5AF6        8        4       0
                text85                             56FE     56FE       36        4       0
                text84                             53FE     53FE       48        4       0
                text83                             5008     5008       64        4       0
                text82                             5A02     5A02       16        4       0
                text81                             5AE4     5AE4        A        4       0
                text80                             5ADA     5ADA        A        4       0
                text79                             5AD0     5AD0        A        4       0
                text78                             5AC6     5AC6        A        4       0
                text77                             5ABC     5ABC        A        4       0
                text76                             4D5E     4D5E       78        4       0
                text75                             5768     5768       34        4       0
                text74                             5734     5734       34        4       0
                text73                             5B2A     5B2A        4        4       0
                text72                             5A76     5A76        E        4       0
                text71                             5446     5446       46        4       0
                text70                             5A18     5A18       14        4       0
                text69                             5A68     5A68        E        4       0
                text68                             5AB2     5AB2        A        4       0
                text67                             5886     5886       2A        4       0
                text66                             585C     585C       2A        4       0
                text65                             5B26     5B26        4        4       0
                text64                             5AA8     5AA8        A        4       0
                text63                             5B22     5B22        4        4       0
                text62                             4EBE     4EBE       74        4       0
                text61                             596C     596C       24        4       0
                text60                             4A08     4A08       AE        4       0
                text59                             39B4     39B4      1AA        4       0
                text58                             5554     5554       42        4       0
                text57                             46FA     46FA       D6        4       0
                text56                             4C62     4C62       82        4       0
                text55                             4FA2     4FA2       66        4       0
                text54                             506C     506C       5C        4       0
                text53                             428C     428C       F4        4       0
                text52                             4098     4098       FE        4       0
                text51                             4196     4196       F6        4       0
                text50                             527C     527C       52        4       0
                text49                             5512     5512       42        4       0
                text48                             5922     5922       26        4       0
                text47                             2E5C     2E5C      266        4       0
                text46                             5990     5990       1E        4       0
                text45                             56C6     56C6       38        4       0
                text44                             5A9E     5A9E        A        4       0
                text43                             4BDE     4BDE       84        4       0
                text42                             4F32     4F32       70        4       0
                text41                             2AE4     2AE4      378        4       0
                text40                             1244     1244      DF0        4       0
                text39                             5654     5654       3A        4       0
                text38                             3E40     3E40      12E        4       0
                text37                             5800     5800       30        4       0
                text36                             5B0C     5B0C        6        4       0
                text35                             5B06     5B06        6        4       0
                text34                             5948     5948       24        4       0
                text33                             58FC     58FC       26        4       0
                text32                             561A     561A       3A        4       0
                text31                             531E     531E       4C        4       0
                text30                             2640     2640      4A4        4       0
                text29                             58D6     58D6       26        4       0
                text28                             58B0     58B0       26        4       0
                text27                             53B6     53B6       48        4       0
                text26                             4624     4624       D6        4       0
                text25                             4E4A     4E4A       74        4       0
                text24                             579C     579C       32        4       0
                text23                             5120     5120       58        4       0
                text22                             568E     568E       38        4       0
                text21                             4380     4380       E8        4       0
                text20                             454A     454A       DA        4       0
                text19                             4CE4     4CE4       7A        4       0
                text18                             4B54     4B54       8A        4       0
                text17                             4468     4468       E2        4       0
                text16                             47D0     47D0       D2        4       0
                text15                             37BE     37BE      1F6        4       0
                text14                             3F6E     3F6E      12A        4       0
                text13                             3B5E     3B5E      180        4       0
                text12                             5AEE     5AEE        8        4       0
                text11                             4DD6     4DD6       74        4       0
                text10                             5A5A     5A5A        E        4       0
                text9                              5A4C     5A4C        E        4       0
                text8                              5A3E     5A3E        E        4       0
                text7                              548C     548C       44        4       0
                text6                              54D0     54D0       42        4       0
                text5                                A8       A8     119C        4       0
                text4                              50C8     50C8       58        4       0
                text3                              51D0     51D0       56        4       0
                text2                              3CDE     3CDE      162        4       0
                text1                              4956     4956       B2        4       0
                text0                              30C2     30C2      260        4       0
                cstackCOMRAM                          1        1       2B        1       1
                cstackBANK0                          60       60       7B       60       1
                cstackBANK1                         165      165       1A      100       1
                cstackBANK3                         300      300       92      300       1
                dataBANK2                           200      200       50      200       1
                bssBANK2                            250      250       3F      200       1
                dataBANK1                           184      184        4      100       1
                bssBANK1                            100      100       65      100       1
                dataBANK0                            FE       FE        2       60       1
                bssBANK0                             DB       DB       23       60       1
                dataCOMRAM                           42       42        3        1       1
                bssCOMRAM                            2C       2C       16        1       1
                cinit                              48A2     48A2       B4        4       0
                nvBANK2                             28F      28F        A      200       1
                nvBANK1                             17F      17F        5      100       1
                idataBANK2                         52CE     52CE       50        4       0
                idataBANK1                         5B1E     5B1E        4        4       0
                idataBANK0                         5B39     5B39        2        4       0
                idataCOMRAM                        5B36     5B36        3        4       0

TOTAL           Name                               Link     Load   Length     Space
        CLASS   STACK          

        CLASS   CODE           
                intcode                               8        8       9C         0
                init                                 A4       A4        4         0
                reset_vec                             0        0        4         0
                text111                            5178     5178       58         0
                text110                            5226     5226       56         0
                text109                            57CE     57CE       32         0
                text108                            2034     2034      60C         0
                text107                            5B18     5B18        6         0
                text106                            5B3E     5B3E        2         0
                text105                            5B12     5B12        6         0
                text104                            4AB6     4AB6       9E         0
                text103                            5830     5830       2C         0
                text102                            5B32     5B32        4         0
                text101                            59E6     59E6       1C         0
                text100                            55D8     55D8       42         0
                text99                             3570     3570      24E         0
                text98                             5B2E     5B2E        4         0
                text97                             59CA     59CA       1C         0
                text96                             5596     5596       42         0
                text95                             3322     3322      24E         0
                text94                             5B3C     5B3C        2         0
                text93                             59AE     59AE       1C         0
                text92                             536A     536A       4C         0
                text90                             5A2C     5A2C       12         0
                text89                             5A92     5A92        C         0
                text88                             5A84     5A84        E         0
                text87                             5AFE     5AFE        8         0
                text86                             5AF6     5AF6        8         0
                text85                             56FE     56FE       36         0
                text84                             53FE     53FE       48         0
                text83                             5008     5008       64         0
                text82                             5A02     5A02       16         0
                text81                             5AE4     5AE4        A         0
                text80                             5ADA     5ADA        A         0
                text79                             5AD0     5AD0        A         0
                text78                             5AC6     5AC6        A         0
                text77                             5ABC     5ABC        A         0
                text76                             4D5E     4D5E       78         0
                text75                             5768     5768       34         0
                text74                             5734     5734       34         0
                text73                             5B2A     5B2A        4         0
                text72                             5A76     5A76        E         0
                text71                             5446     5446       46         0
                text70                             5A18     5A18       14         0
                text69                             5A68     5A68        E         0
                text68                             5AB2     5AB2        A         0
                text67                             5886     5886       2A         0
                text66                             585C     585C       2A         0
                text65                             5B26     5B26        4         0
                text64                             5AA8     5AA8        A         0
                text63                             5B22     5B22        4         0
                text62                             4EBE     4EBE       74         0
                text61                             596C     596C       24         0
                text60                             4A08     4A08       AE         0
                text59                             39B4     39B4      1AA         0
                text58                             5554     5554       42         0
                text57                             46FA     46FA       D6         0
                text56                             4C62     4C62       82         0
                text55                             4FA2     4FA2       66         0
                text54                             506C     506C       5C         0
                text53                             428C     428C       F4         0
                text52                             4098     4098       FE         0
                text51                             4196     4196       F6         0
                text50                             527C     527C       52         0
                text49                             5512     5512       42         0
                text48                             5922     5922       26         0
                text47                             2E5C     2E5C      266         0
                text46                             5990     5990       1E         0
                text45                             56C6     56C6       38         0
                text44                             5A9E     5A9E        A         0
                text43                             4BDE     4BDE       84         0
                text42                             4F32     4F32       70         0
                text41                             2AE4     2AE4      378         0
                text40                             1244     1244      DF0         0
                text39                             5654     5654       3A         0
                text38                             3E40     3E40      12E         0
                text37                             5800     5800       30         0
                text36                             5B0C     5B0C        6         0
                text35                             5B06     5B06        6         0
                text34                             5948     5948       24         0
                text33                             58FC     58FC       26         0
                text32                             561A     561A       3A         0
                text31                             531E     531E       4C         0
                text30                             2640     2640      4A4         0
                text29                             58D6     58D6       26         0
                text28                             58B0     58B0       26         0
                text27                             53B6     53B6       48         0
                text26                             4624     4624       D6         0
                text25                             4E4A     4E4A       74         0
                text24                             579C     579C       32         0
                text23                             5120     5120       58         0
                text22                             568E     568E       38         0
                text21                             4380     4380       E8         0
                text20                             454A     454A       DA         0
                text19                             4CE4     4CE4       7A         0
                text18                             4B54     4B54       8A         0
                text17                             4468     4468       E2         0
                text16                             47D0     47D0       D2         0
                text15                             37BE     37BE      1F6         0
                text14                             3F6E     3F6E      12A         0
                text13                             3B5E     3B5E      180         0
                text12                             5AEE     5AEE        8         0
                text11                             4DD6     4DD6       74         0
                text10                             5A5A     5A5A        E         0
                text9                              5A4C     5A4C        E         0
                text8                              5A3E     5A3E        E         0
                text7                              548C     548C       44         0
                text6                              54D0     54D0       42         0
                text5                                A8       A8     119C         0
                text4                              50C8     50C8       58         0
                text3                              51D0     51D0       56         0
                text2                              3CDE     3CDE      162         0
                text1                              4956     4956       B2         0
                text0                              30C2     30C2      260         0
                cinit                              48A2     48A2       B4         0
                idataBANK2                         52CE     52CE       50         0
                idataBANK1                         5B1E     5B1E        4         0
                idataBANK0                         5B39     5B39        2         0
                idataCOMRAM                        5B36     5B36        3         0

        CLASS   CONST          

        CLASS   SMALLCONST     

        CLASS   MEDIUMCONST    
                mediumconst                        7E2A     7E2A      1D6         0

        CLASS   COMRAM         
                temp                                 45       45        1         1
                cstackCOMRAM                          1        1       2B         1
                dataCOMRAM                           42       42        3         1
                bssCOMRAM                            2C       2C       16         1

        CLASS   ABS1           

        CLASS   BIGRAM         

        CLASS   RAM            

        CLASS   BANK0          
                cstackBANK0                          60       60       7B         1
                dataBANK0                            FE       FE        2         1
                bssBANK0                             DB       DB       23         1

        CLASS   BANK1          
                cstackBANK1                         165      165       1A         1
                dataBANK1                           184      184        4         1
                bssBANK1                            100      100       65         1
                nvBANK1                             17F      17F        5         1

        CLASS   BANK2          
                dataBANK2                           200      200       50         1
                bssBANK2                            250      250       3F         1
                nvBANK2                             28F      28F        A         1

        CLASS   BANK3          
                cstackBANK3                         300      300       92         1

        CLASS   BANK4          

        CLASS   BANK5          

        CLASS   SFR            

        CLASS   FARRAM         

        CLASS   CONFIG         
                config                           300000   300000        E         0

        CLASS   IDLOC          
                idloc                            200000   200000        8         0

        CLASS   EEDATA         



SEGMENTS        Name                           Load    Length   Top    Selector   Space  Class

                reset_vec                      000000  000004  000004         0       0  CODE    
                cstackCOMRAM                   000001  000045  000046         1       1  COMRAM  
                intcode                        000008  005B33  005B3B         4       0  CODE    
                cstackBANK0                    000060  0000A0  000100        60       1  BANK0   
                bssBANK1                       000100  000088  000188       100       1  BANK1   
                dataBANK2                      000200  000099  000299       200       1  BANK2   
                cstackBANK3                    000300  000092  000392       300       1  BANK3   
                text94                         005B3C  000004  005B40      2D9E       0  CODE    
                mediumconst                    007E2A  0001D6  008000      3F15       0  MEDIUMCO
                idloc                          200000  000008  200008    200000       0  IDLOC   
                config                         300000  00000E  30000E    300000       0  CONFIG  


UNUSED ADDRESS RANGES

        Name                Unused          Largest block    Delta
        BANK1            000188-0001FF               78
        BANK2            000299-0002FF               67
        BANK3            000392-0003FF               6E
        BANK4            000400-0004FF              100
        BANK5            000500-0005FF              100
        BIGRAM           000046-00005F               1A
                         000188-0001FF               78
                         000299-0002FF               67
                         000392-0005FF              26E
        CODE             000004-000007                4
                         005B3B-005B3B                1
                         005B40-007E29             22EA
        COMRAM           000046-00005F               1A
        CONST            000004-000007                4
                         005B3B-005B3B                1
                         005B40-007E29             22EA
        EEDATA           F00000-F000FF              100
        MEDIUMCONST      005B3B-005B3B                1
                         005B40-007E29             22EA
        RAM              000188-0001FF               78
                         000299-0002FF               67
                         000392-0005FF              100
        SFR              000F38-000FFF               28
        SMALLCONST       005B3B-005B3B                1
                         005B40-007E29              100
        STACK            000392-0005FF              26E

                                  Symbol Table

?_ADC_GetConversion                             cstackCOMRAM 00001A
?_EUSART1_GetUnitTestCounter                    cstackCOMRAM 00001A
?___altoft                                      cstackBANK0  0000A6
?___awdiv                                       cstackCOMRAM 000020
?___awmod                                       cstackCOMRAM 00001A
?___awtoft                                      cstackCOMRAM 000022
?___ftadd                                       cstackBANK0  000060
?___ftdiv                                       cstackBANK0  000072
?___ftmul                                       cstackBANK0  000081
?___ftneg                                       cstackCOMRAM 00001A
?___ftpack                                      cstackCOMRAM 00001A
?___ftsub                                       cstackBANK0  00006C
?___fttol                                       cstackBANK0  000097
?___lldiv                                       cstackCOMRAM 00001A
?___llmod                                       cstackCOMRAM 00001A
?___lltoft                                      cstackCOMRAM 000022
?___lwdiv                                       cstackCOMRAM 00001F
?___lwmod                                       cstackCOMRAM 00001A
?___lwtoft                                      cstackCOMRAM 000022
?___wmul                                        cstackCOMRAM 000026
?__div_to_l_                                    cstackCOMRAM 00001A
?__doprnt                                       cstackBANK0  0000A6
?__tdiv_to_l_                                   cstackCOMRAM 00001A
?_eval_poly                                     cstackBANK0  000090
?_exp                                           cstackBANK0  0000B8
?_floor                                         cstackBANK0  0000B0
?_frexp                                         cstackCOMRAM 00001A
?_fround                                        cstackBANK0  000090
?_i2cRead                                       cstackCOMRAM 00001A
?_ldexp                                         cstackBANK0  00009C
?_log                                           cstackBANK0  00009C
?_pow                                           cstackBANK0  0000C1
?_printf                                        cstackBANK0  0000C9
?_scale                                         cstackBANK0  000090
?_sprintf                                       cstackBANK0  0000C9
ADC_GetConversion@channel                       cstackCOMRAM 00001E
EUSART1_RxDataHandler@i                         cstackCOMRAM 000006
EUSART1_RxDataHandler@i_530                     cstackCOMRAM 000008
EUSART1_RxDataHandler@i_531                     cstackCOMRAM 00000A
EUSART1_RxDataHandler@i_532                     cstackCOMRAM 00000C
EUSART1_RxDataHandler@i_534                     cstackCOMRAM 00000E
EUSART1_RxDataHandler@i_535                     cstackCOMRAM 000010
EUSART1_RxDataHandler@i_536                     cstackCOMRAM 000012
EUSART1_RxDataHandler@i_537                     cstackCOMRAM 000014
EUSART1_SetErrorHandler@interruptHandler        cstackCOMRAM 00001A
EUSART1_SetFramingErrorHandler@interruptHandler cstackCOMRAM 00001A
EUSART1_SetOverrunErrorHandler@interruptHandler cstackCOMRAM 00001A
EUSART1_SetRxInterruptHandler@interruptHandler  cstackCOMRAM 00001A
EUSART1_SetTxInterruptHandler@interruptHandler  cstackCOMRAM 00001A
EUSART1_Write@txData                            cstackCOMRAM 00001A
I2C1_ISR@i2c_10bit_address_restart              bssBANK0     0000F2
I2C1_ISR@i2c_address                            bssCOMRAM    000040
I2C1_ISR@i2c_bytes_left                         bssBANK0     0000F3
I2C1_ISR@pi2c_buf_ptr                           bssBANK1     00013F
I2C1_MasterRead@trBlock                         bssBANK1     000156
I2C1_MasterWrite@trBlock                        bssBANK1     00015B
I2C1_Stop@completion_code                       cstackCOMRAM 000003
I2C2_ISR@i2c_10bit_address_restart              bssBANK0     0000EE
I2C2_ISR@i2c_address                            bssCOMRAM    00003E
I2C2_ISR@i2c_bytes_left                         bssBANK0     0000EF
I2C2_ISR@pi2c_buf_ptr                           bssBANK1     000139
I2C2_MasterRead@trBlock                         bssBANK2     00028A
I2C2_MasterWrite@trBlock                        bssBANK1     00014C
I2C2_Stop@completion_code                       cstackCOMRAM 000003
I2C_select@address                              cstackCOMRAM 00001D
I2C_select@mode                                 cstackCOMRAM 00001C
I2C_write@data                                  cstackCOMRAM 00001B
LCD_backlight@on                                cstackCOMRAM 00001E
LCD_init@address                                cstackCOMRAM 000025
LCD_init@cols                                   cstackCOMRAM 000021
LCD_init@rows                                   cstackCOMRAM 000022
LCD_select_line@line                            cstackCOMRAM 000021
LCD_send_cmd@command                            cstackCOMRAM 00001E
LCD_send_cmd@nibble_lower                       cstackCOMRAM 00001F
LCD_send_cmd@nibble_upper                       cstackCOMRAM 000020
LCD_send_data@data                              cstackCOMRAM 00001E
LCD_send_data@nibble_lower                      cstackCOMRAM 00001F
LCD_send_data@nibble_upper                      cstackCOMRAM 000020
LCD_send_string@col                             cstackBANK0  000066
LCD_send_string@delay                           cstackBANK0  000067
LCD_send_string@i                               cstackBANK0  00006A
LCD_send_string@line                            cstackBANK0  000062
LCD_send_string@prefix                          cstackBANK0  000069
LCD_send_string@str                             cstackBANK0  000060
PWM5_LoadDutyValue@dutyValue                    cstackCOMRAM 00001A
TMR3_SetInterruptHandler@InterruptHandler       cstackCOMRAM 00001A
TMR3_WriteTimer@timerVal                        cstackCOMRAM 000001
_A                                              dataBANK1    000185
_ACKDT1                                         (abs)        007E2D
_ACKEN1                                         (abs)        007E2C
_ADCON0                                         (abs)        000FC2
_ADCON0bits                                     (abs)        000FC2
_ADCON1                                         (abs)        000FC1
_ADCON2                                         (abs)        000FC0
_ADC_GetConversion                              text37       005800
_ADC_Initialize                                 text82       005A02
_ADRESH                                         (abs)        000FC4
_ADRESL                                         (abs)        000FC3
_ANSELA                                         (abs)        000F38
_ANSELB                                         (abs)        000F39
_ANSELC                                         (abs)        000F3A
_ANSELD                                         (abs)        000F3B
_ANSELE                                         (abs)        000F3C
_B                                              dataBANK2    00024D
_BAUDCON1                                       (abs)        000FB8
_C                                              dataBANK2    00024A
_CCP4CON                                        (abs)        000F57
_CCP5CON                                        (abs)        000F54
_CCPR4H                                         (abs)        000F59
_CCPR4L                                         (abs)        000F58
_CCPR5H                                         (abs)        000F56
_CCPR5L                                         (abs)        000F55
_CCPTMRS1bits                                   (abs)        000F48
_EUSART1_DefaultErrorHandler                    text107      005B18
_EUSART1_DefaultFramingErrorHandler             text106      005B3E
_EUSART1_DefaultOverrunErrorHandler             text105      005B12
_EUSART1_ErrorHandler                           nvBANK2      00028F
_EUSART1_FramingErrorHandler                    nvBANK2      000293
_EUSART1_GetAutoModeBool                        text36       005B0C
_EUSART1_GetSensorsBool                         text35       005B06
_EUSART1_GetUnitTestCounter                     text64       005AA8
_EUSART1_Initialize                             text76       004D5E
_EUSART1_OverrunErrorHandler                    nvBANK2      000291
_EUSART1_Receive_ISR                            text104      004AB6
_EUSART1_RxDataHandler                          text108      002034
_EUSART1_RxDefaultInterruptHandler              nvBANK2      000295
_EUSART1_SetErrorHandler                        text81       005AE4
_EUSART1_SetFramingErrorHandler                 text80       005ADA
_EUSART1_SetOverrunErrorHandler                 text79       005AD0
_EUSART1_SetRxInterruptHandler                  text78       005AC6
_EUSART1_SetTxInterruptHandler                  text77       005ABC
_EUSART1_ToggleSensorsBool                      text12       005AEE
_EUSART1_Transmit_ISR                           text103      005830
_EUSART1_TxDefaultInterruptHandler              nvBANK2      000297
_EUSART1_Write                                  text45       0056C6
_I2C1_BusCollisionISR                           text102      005B32
_I2C1_FunctionComplete                          text101      0059E6
_I2C1_ISR                                       text99       003570
_I2C1_Initialize                                text75       005768
_I2C1_Stop                                      text100      0055D8
_I2C2_BusCollisionISR                           text98       005B2E
_I2C2_FunctionComplete                          text97       0059CA
_I2C2_ISR                                       text95       003322
_I2C2_Initialize                                text74       005734
_I2C2_Stop                                      text96       005596
_I2C_select                                     text88       005A84
_I2C_start                                      text87       005AFE
_I2C_stop                                       text86       005AF6
_I2C_wait                                       text90       005A2C
_I2C_write                                      text89       005A92
_INTCON2bits                                    (abs)        000FF1
_INTCONbits                                     (abs)        000FF2
_INTERRUPT_Initialize                           text73       005B2A
_INTERRUPT_InterruptManager                     intcode      000008
_LATA                                           (abs)        000F89
_LATAbits                                       (abs)        000F89
_LATB                                           (abs)        000F8A
_LATBbits                                       (abs)        000F8A
_LATC                                           (abs)        000F8B
_LATD                                           (abs)        000F8C
_LATDbits                                       (abs)        000F8C
_LATE                                           (abs)        000F8D
_LCD_backlight                                  text85       0056FE
_LCD_backlight$2792                             cstackCOMRAM 00001F
_LCD_clear                                      text33       0058FC
_LCD_init                                       text83       005008
_LCD_select_line                                text32       00561A
_LCD_send_cmd                                   text84       0053FE
_LCD_send_data                                  text31       00531E
_LCD_send_string                                text30       002640
_OSCCON                                         (abs)        000FD3
_OSCCON2                                        (abs)        000FD2
_OSCILLATOR_Initialize                          text72       005A76
_OSCTUNE                                        (abs)        000F9B
_PIE1bits                                       (abs)        000F9D
_PIE2bits                                       (abs)        000FA0
_PIE3bits                                       (abs)        000FA3
_PIN_MANAGER_Initialize                         text71       005446
_PIR1bits                                       (abs)        000F9E
_PIR2bits                                       (abs)        000FA1
_PIR3bits                                       (abs)        000FA4
_PORTBbits                                      (abs)        000F81
_PR2                                            (abs)        000FBB
_PWM5_Initialize                                text70       005A18
_PWM5_LoadDutyValue                             text24       00579C
_RCEN1                                          (abs)        007E2B
_RCONbits                                       (abs)        000FD0
_RCREG1                                         (abs)        000FAE
_RCSTA1                                         (abs)        000FAB
_RCSTA1bits                                     (abs)        000FAB
_SPBRG1                                         (abs)        000FAF
_SPBRGH1                                        (abs)        000FB0
_SSP1ADD                                        (abs)        000FC8
_SSP1BUF                                        (abs)        000FC9
_SSP1CON1                                       (abs)        000FC6
_SSP1CON1bits                                   (abs)        000FC6
_SSP1CON2                                       (abs)        000FC5
_SSP1CON2bits                                   (abs)        000FC5
_SSP1CON3                                       (abs)        000FCB
_SSP1STAT                                       (abs)        000FC7
_SSP2ADD                                        (abs)        000F6E
_SSP2BUF                                        (abs)        000F6F
_SSP2CON1                                       (abs)        000F6C
_SSP2CON1bits                                   (abs)        000F6C
_SSP2CON2bits                                   (abs)        000F6B
_SSP2CON3                                       (abs)        000F69
_SSP2STAT                                       (abs)        000F6D
_SSP2STATbits                                   (abs)        000F6D
_SYSTEM_Initialize                              text66       00585C
_T2CON                                          (abs)        000FBA
_T2CONbits                                      (abs)        000FBA
_T3CON                                          (abs)        000FB1
_T3CONbits                                      (abs)        000FB1
_T3GCON                                         (abs)        000FB4
_T3GCONbits                                     (abs)        000FB4
_TMR1                                           (abs)        000FCE
_TMR1IF                                         (abs)        007CF0
_TMR1ON                                         (abs)        007E68
_TMR2                                           (abs)        000FBC
_TMR2_Initialize                                text69       005A68
_TMR3                                           (abs)        000FB2
_TMR3H                                          (abs)        000FB3
_TMR3L                                          (abs)        000FB2
_TMR3_DefaultInterruptHandler                   text94       005B3C
_TMR3_ISR                                       text92       00536A
_TMR3_Initialize                                text67       005886
_TMR3_InterruptHandler                          nvBANK1      00017F
_TMR3_SetInterruptHandler                       text68       005AB2
_TMR3_StartTimer                                text63       005B22
_TMR3_StopTimer                                 text65       005B26
_TMR3_WriteTimer                                text93       0059AE
_TRISA                                          (abs)        000F92
_TRISB                                          (abs)        000F93
_TRISC                                          (abs)        000F94
_TRISD                                          (abs)        000F95
_TRISE                                          (abs)        000F96
_TXREG1                                         (abs)        000FAD
_TXSTA1                                         (abs)        000FAC
_TXSTA1bits                                     (abs)        000FAC
_WPUB                                           (abs)        000F61
__CFG_BOREN$SBORDIS                             (abs)        000000
__CFG_BORV$190                                  (abs)        000000
__CFG_CCP2MX$PORTC1                             (abs)        000000
__CFG_CCP3MX$PORTB5                             (abs)        000000
__CFG_CP0$OFF                                   (abs)        000000
__CFG_CP1$OFF                                   (abs)        000000
__CFG_CP2$OFF                                   (abs)        000000
__CFG_CP3$OFF                                   (abs)        000000
__CFG_CPB$OFF                                   (abs)        000000
__CFG_CPD$OFF                                   (abs)        000000
__CFG_DEBUG$OFF                                 (abs)        000000
__CFG_EBTR0$OFF                                 (abs)        000000
__CFG_EBTR1$OFF                                 (abs)        000000
__CFG_EBTR2$OFF                                 (abs)        000000
__CFG_EBTR3$OFF                                 (abs)        000000
__CFG_EBTRB$OFF                                 (abs)        000000
__CFG_FCMEN$OFF                                 (abs)        000000
__CFG_FOSC$INTIO67                              (abs)        000000
__CFG_HFOFST$ON                                 (abs)        000000
__CFG_IESO$OFF                                  (abs)        000000
__CFG_LVP$ON                                    (abs)        000000
__CFG_MCLRE$EXTMCLR                             (abs)        000000
__CFG_P2BMX$PORTD2                              (abs)        000000
__CFG_PBADEN$ON                                 (abs)        000000
__CFG_PLLCFG$OFF                                (abs)        000000
__CFG_PRICLKEN$ON                               (abs)        000000
__CFG_PWRTEN$OFF                                (abs)        000000
__CFG_STVREN$ON                                 (abs)        000000
__CFG_T3CMX$PORTC0                              (abs)        000000
__CFG_WDTEN$OFF                                 (abs)        000000
__CFG_WDTPS$32768                               (abs)        000000
__CFG_WRT0$OFF                                  (abs)        000000
__CFG_WRT1$OFF                                  (abs)        000000
__CFG_WRT2$OFF                                  (abs)        000000
__CFG_WRT3$OFF                                  (abs)        000000
__CFG_WRTB$OFF                                  (abs)        000000
__CFG_WRTC$OFF                                  (abs)        000000
__CFG_WRTD$OFF                                  (abs)        000000
__CFG_XINST$OFF                                 (abs)        000000
__HRAM                                          (abs)        000000
__Habs1                                         abs1         000000
__Hbank0                                        bank0        000000
__Hbank1                                        bank1        000000
__Hbank2                                        bank2        000000
__Hbank3                                        bank3        000000
__Hbank4                                        bank4        000000
__Hbank5                                        bank5        000000
__Hbigbss                                       bigbss       000000
__Hbigdata                                      bigdata      000000
__Hbigram                                       bigram       000000
__Hbss                                          bss          000000
__HbssBANK0                                     bssBANK0     000000
__HbssBANK1                                     bssBANK1     000000
__HbssBANK2                                     bssBANK2     000000
__HbssCOMRAM                                    bssCOMRAM    000000
__Hcinit                                        cinit        000000
__Hclrtext                                      clrtext      000000
__Hcomram                                       comram       000000
__Hconfig                                       config       30000E
__Hconst                                        const        000000
__HcstackBANK0                                  cstackBANK0  000000
__HcstackBANK1                                  cstackBANK1  000000
__HcstackBANK3                                  cstackBANK3  000000
__HcstackCOMRAM                                 cstackCOMRAM 000000
__Hdata                                         data         000000
__HdataBANK0                                    dataBANK0    000000
__HdataBANK1                                    dataBANK1    000000
__HdataBANK2                                    dataBANK2    000000
__HdataCOMRAM                                   dataCOMRAM   000000
__Heeprom_data                                  eeprom_data  000000
__Hfarbss                                       farbss       000000
__Hfardata                                      fardata      000000
__Hibigdata                                     ibigdata     000000
__Hidata                                        idata        000000
__HidataBANK0                                   idataBANK0   000000
__HidataBANK1                                   idataBANK1   000000
__HidataBANK2                                   idataBANK2   000000
__HidataCOMRAM                                  idataCOMRAM  000000
__Hidloc                                        idloc        200008
__Hifardata                                     ifardata     000000
__Hinit                                         init         0000A8
__Hintcode                                      intcode      0000A4
__Hintcode_body                                 intcode_body 000000
__Hintcodelo                                    intcodelo    0000A4
__Hintentry                                     intentry     000000
__Hintret                                       intret       000000
__Hintsave_regs                                 intsave_regs 000000
__Hirdata                                       irdata       000000
__Hmediumconst                                  mediumconst  008000
__HnvBANK1                                      nvBANK1      000000
__HnvBANK2                                      nvBANK2      000000
__HnvFARRAM                                     nvFARRAM     000000
__Hnvbit                                        nvbit        000000
__Hnvrram                                       nvrram       000000
__Hparam                                        rparam       000000
__Hpowerup                                      powerup      0000A4
__Hram                                          ram          000000
__Hramtop                                       ramtop       000600
__Hrbit                                         rbit         000000
__Hrbss                                         rbss         000000
__Hrdata                                        rdata        000000
__Hreset_vec                                    reset_vec    000004
__Hrparam                                       rparam       000000
__Hsfr                                          sfr          000000
__Hsmallconst                                   smallconst   000000
__Hspace_0                                      (abs)        30000E
__Hspace_1                                      (abs)        000392
__Hspace_2                                      (abs)        000000
__Hstack                                        stack        000000
__Hstruct                                       struct       000000
__Htemp                                         temp         000046
__Htext                                         text         000000
__Htext0                                        text0        000000
__Htext1                                        text1        000000
__Htext10                                       text10       000000
__Htext100                                      text100      000000
__Htext101                                      text101      000000
__Htext102                                      text102      000000
__Htext103                                      text103      000000
__Htext104                                      text104      000000
__Htext105                                      text105      000000
__Htext106                                      text106      000000
__Htext107                                      text107      000000
__Htext108                                      text108      000000
__Htext109                                      text109      000000
__Htext11                                       text11       000000
__Htext110                                      text110      000000
__Htext111                                      text111      000000
__Htext112                                      text112      000000
__Htext12                                       text12       000000
__Htext13                                       text13       000000
__Htext14                                       text14       000000
__Htext15                                       text15       000000
__Htext16                                       text16       000000
__Htext17                                       text17       000000
__Htext18                                       text18       000000
__Htext19                                       text19       000000
__Htext2                                        text2        000000
__Htext20                                       text20       000000
__Htext21                                       text21       000000
__Htext22                                       text22       000000
__Htext23                                       text23       000000
__Htext24                                       text24       000000
__Htext25                                       text25       000000
__Htext26                                       text26       000000
__Htext27                                       text27       000000
__Htext28                                       text28       000000
__Htext29                                       text29       000000
__Htext3                                        text3        000000
__Htext30                                       text30       000000
__Htext31                                       text31       000000
__Htext32                                       text32       000000
__Htext33                                       text33       000000
__Htext34                                       text34       000000
__Htext35                                       text35       000000
__Htext36                                       text36       000000
__Htext37                                       text37       000000
__Htext38                                       text38       000000
__Htext39                                       text39       000000
__Htext4                                        text4        000000
__Htext40                                       text40       000000
__Htext41                                       text41       000000
__Htext42                                       text42       000000
__Htext43                                       text43       000000
__Htext44                                       text44       000000
__Htext45                                       text45       000000
__Htext46                                       text46       000000
__Htext47                                       text47       000000
__Htext48                                       text48       000000
__Htext49                                       text49       000000
__Htext5                                        text5        000000
__Htext50                                       text50       000000
__Htext51                                       text51       000000
__Htext52                                       text52       000000
__Htext53                                       text53       000000
__Htext54                                       text54       000000
__Htext55                                       text55       000000
__Htext56                                       text56       000000
__Htext57                                       text57       000000
__Htext58                                       text58       000000
__Htext59                                       text59       000000
__Htext6                                        text6        000000
__Htext60                                       text60       000000
__Htext61                                       text61       000000
__Htext62                                       text62       000000
__Htext63                                       text63       000000
__Htext64                                       text64       000000
__Htext65                                       text65       000000
__Htext66                                       text66       000000
__Htext67                                       text67       000000
__Htext68                                       text68       000000
__Htext69                                       text69       000000
__Htext7                                        text7        000000
__Htext70                                       text70       000000
__Htext71                                       text71       000000
__Htext72                                       text72       000000
__Htext73                                       text73       000000
__Htext74                                       text74       000000
__Htext75                                       text75       000000
__Htext76                                       text76       000000
__Htext77                                       text77       000000
__Htext78                                       text78       000000
__Htext79                                       text79       000000
__Htext8                                        text8        000000
__Htext80                                       text80       000000
__Htext81                                       text81       000000
__Htext82                                       text82       000000
__Htext83                                       text83       000000
__Htext84                                       text84       000000
__Htext85                                       text85       000000
__Htext86                                       text86       000000
__Htext87                                       text87       000000
__Htext88                                       text88       000000
__Htext89                                       text89       000000
__Htext9                                        text9        000000
__Htext90                                       text90       000000
__Htext92                                       text92       000000
__Htext93                                       text93       000000
__Htext94                                       text94       000000
__Htext95                                       text95       000000
__Htext96                                       text96       000000
__Htext97                                       text97       000000
__Htext98                                       text98       000000
__Htext99                                       text99       000000
__LCD_address                                   bssCOMRAM    000039
__LCD_backlight                                 dataCOMRAM   000044
__LCD_cols                                      bssCOMRAM    000038
__LCD_rows                                      bssBANK1     000147
__LRAM                                          (abs)        000001
__Labs1                                         abs1         000000
__Lbank0                                        bank0        000000
__Lbank1                                        bank1        000000
__Lbank2                                        bank2        000000
__Lbank3                                        bank3        000000
__Lbank4                                        bank4        000000
__Lbank5                                        bank5        000000
__Lbigbss                                       bigbss       000000
__Lbigdata                                      bigdata      000000
__Lbigram                                       bigram       000000
__Lbss                                          bss          000000
__LbssBANK0                                     bssBANK0     000000
__LbssBANK1                                     bssBANK1     000000
__LbssBANK2                                     bssBANK2     000000
__LbssCOMRAM                                    bssCOMRAM    000000
__Lcinit                                        cinit        000000
__Lclrtext                                      clrtext      000000
__Lcomram                                       comram       000000
__Lconfig                                       config       300000
__Lconst                                        const        000000
__LcstackBANK0                                  cstackBANK0  000000
__LcstackBANK1                                  cstackBANK1  000000
__LcstackBANK3                                  cstackBANK3  000000
__LcstackCOMRAM                                 cstackCOMRAM 000000
__Ldata                                         data         000000
__LdataBANK0                                    dataBANK0    000000
__LdataBANK1                                    dataBANK1    000000
__LdataBANK2                                    dataBANK2    000000
__LdataCOMRAM                                   dataCOMRAM   000000
__Leeprom_data                                  eeprom_data  000000
__Lfarbss                                       farbss       000000
__Lfardata                                      fardata      000000
__Libigdata                                     ibigdata     000000
__Lidata                                        idata        000000
__LidataBANK0                                   idataBANK0   000000
__LidataBANK1                                   idataBANK1   000000
__LidataBANK2                                   idataBANK2   000000
__LidataCOMRAM                                  idataCOMRAM  000000
__Lidloc                                        idloc        200000
__Lifardata                                     ifardata     000000
__Linit                                         init         0000A4
__Lintcode                                      intcode      000008
__Lintcode_body                                 intcode_body 000000
__Lintcodelo                                    intcodelo    0000A4
__Lintentry                                     intentry     000000
__Lintret                                       intret       000000
__Lintsave_regs                                 intsave_regs 000000
__Lirdata                                       irdata       000000
__Lmediumconst                                  mediumconst  007E2A
__LnvBANK1                                      nvBANK1      000000
__LnvBANK2                                      nvBANK2      000000
__LnvFARRAM                                     nvFARRAM     000000
__Lnvbit                                        nvbit        000000
__Lnvrram                                       nvrram       000000
__Lparam                                        rparam       000000
__Lpowerup                                      powerup      0000A4
__Lram                                          ram          000000
__Lramtop                                       ramtop       000600
__Lrbit                                         rbit         000000
__Lrbss                                         rbss         000000
__Lrdata                                        rdata        000000
__Lreset_vec                                    reset_vec    000000
__Lrparam                                       rparam       000000
__Lsfr                                          sfr          000000
__Lsmallconst                                   smallconst   000000
__Lspace_0                                      (abs)        000000
__Lspace_1                                      (abs)        000000
__Lspace_2                                      (abs)        000000
__Lstack                                        stack        000000
__Lstruct                                       struct       000000
__Ltemp                                         temp         000045
__Ltext                                         text         000000
__Ltext0                                        text0        000000
__Ltext1                                        text1        000000
__Ltext10                                       text10       000000
__Ltext100                                      text100      000000
__Ltext101                                      text101      000000
__Ltext102                                      text102      000000
__Ltext103                                      text103      000000
__Ltext104                                      text104      000000
__Ltext105                                      text105      000000
__Ltext106                                      text106      000000
__Ltext107                                      text107      000000
__Ltext108                                      text108      000000
__Ltext109                                      text109      000000
__Ltext11                                       text11       000000
__Ltext110                                      text110      000000
__Ltext111                                      text111      000000
__Ltext112                                      text112      000000
__Ltext12                                       text12       000000
__Ltext13                                       text13       000000
__Ltext14                                       text14       000000
__Ltext15                                       text15       000000
__Ltext16                                       text16       000000
__Ltext17                                       text17       000000
__Ltext18                                       text18       000000
__Ltext19                                       text19       000000
__Ltext2                                        text2        000000
__Ltext20                                       text20       000000
__Ltext21                                       text21       000000
__Ltext22                                       text22       000000
__Ltext23                                       text23       000000
__Ltext24                                       text24       000000
__Ltext25                                       text25       000000
__Ltext26                                       text26       000000
__Ltext27                                       text27       000000
__Ltext28                                       text28       000000
__Ltext29                                       text29       000000
__Ltext3                                        text3        000000
__Ltext30                                       text30       000000
__Ltext31                                       text31       000000
__Ltext32                                       text32       000000
__Ltext33                                       text33       000000
__Ltext34                                       text34       000000
__Ltext35                                       text35       000000
__Ltext36                                       text36       000000
__Ltext37                                       text37       000000
__Ltext38                                       text38       000000
__Ltext39                                       text39       000000
__Ltext4                                        text4        000000
__Ltext40                                       text40       000000
__Ltext41                                       text41       000000
__Ltext42                                       text42       000000
__Ltext43                                       text43       000000
__Ltext44                                       text44       000000
__Ltext45                                       text45       000000
__Ltext46                                       text46       000000
__Ltext47                                       text47       000000
__Ltext48                                       text48       000000
__Ltext49                                       text49       000000
__Ltext5                                        text5        000000
__Ltext50                                       text50       000000
__Ltext51                                       text51       000000
__Ltext52                                       text52       000000
__Ltext53                                       text53       000000
__Ltext54                                       text54       000000
__Ltext55                                       text55       000000
__Ltext56                                       text56       000000
__Ltext57                                       text57       000000
__Ltext58                                       text58       000000
__Ltext59                                       text59       000000
__Ltext6                                        text6        000000
__Ltext60                                       text60       000000
__Ltext61                                       text61       000000
__Ltext62                                       text62       000000
__Ltext63                                       text63       000000
__Ltext64                                       text64       000000
__Ltext65                                       text65       000000
__Ltext66                                       text66       000000
__Ltext67                                       text67       000000
__Ltext68                                       text68       000000
__Ltext69                                       text69       000000
__Ltext7                                        text7        000000
__Ltext70                                       text70       000000
__Ltext71                                       text71       000000
__Ltext72                                       text72       000000
__Ltext73                                       text73       000000
__Ltext74                                       text74       000000
__Ltext75                                       text75       000000
__Ltext76                                       text76       000000
__Ltext77                                       text77       000000
__Ltext78                                       text78       000000
__Ltext79                                       text79       000000
__Ltext8                                        text8        000000
__Ltext80                                       text80       000000
__Ltext81                                       text81       000000
__Ltext82                                       text82       000000
__Ltext83                                       text83       000000
__Ltext84                                       text84       000000
__Ltext85                                       text85       000000
__Ltext86                                       text86       000000
__Ltext87                                       text87       000000
__Ltext88                                       text88       000000
__Ltext89                                       text89       000000
__Ltext9                                        text9        000000
__Ltext90                                       text90       000000
__Ltext92                                       text92       000000
__Ltext93                                       text93       000000
__Ltext94                                       text94       000000
__Ltext95                                       text95       000000
__Ltext96                                       text96       000000
__Ltext97                                       text97       000000
__Ltext98                                       text98       000000
__Ltext99                                       text99       000000
__S0                                            (abs)        30000E
__S1                                            (abs)        000392
__S2                                            (abs)        000000
___altoft                                       text19       004CE4
___altoft@c                                     cstackBANK0  0000A6
___altoft@exp                                   cstackBANK0  0000AE
___altoft@sign                                  cstackBANK0  0000AF
___awdiv                                        text43       004BDE
___awdiv@counter                                cstackCOMRAM 000024
___awdiv@dividend                               cstackCOMRAM 000020
___awdiv@divisor                                cstackCOMRAM 000022
___awdiv@quotient                               cstackCOMRAM 000026
___awdiv@sign                                   cstackCOMRAM 000025
___awmod                                        text42       004F32
___awmod@counter                                cstackCOMRAM 00001E
___awmod@dividend                               cstackCOMRAM 00001A
___awmod@divisor                                cstackCOMRAM 00001C
___awmod@sign                                   cstackCOMRAM 00001F
___awtoft                                       text22       00568E
___awtoft@c                                     cstackCOMRAM 000022
___awtoft@sign                                  cstackCOMRAM 000025
___ftadd                                        text59       0039B4
___ftadd@exp1                                   cstackBANK0  00006B
___ftadd@exp2                                   cstackBANK0  00006A
___ftadd@f1                                     cstackBANK0  000060
___ftadd@f2                                     cstackBANK0  000063
___ftadd@sign                                   cstackBANK0  000069
___ftdiv                                        text21       004380
___ftdiv@cntr                                   cstackBANK0  00007B
___ftdiv@exp                                    cstackBANK0  00007F
___ftdiv@f1                                     cstackBANK0  000072
___ftdiv@f2                                     cstackBANK0  000075
___ftdiv@f3                                     cstackBANK0  00007C
___ftdiv@sign                                   cstackBANK0  000080
___ftge                                         text62       004EBE
___ftge@ff1                                     cstackCOMRAM 00001A
___ftge@ff2                                     cstackCOMRAM 00001D
___ftmul                                        text51       004196
___ftmul@cntr                                   cstackBANK0  00008E
___ftmul@exp                                    cstackBANK0  00008A
___ftmul@f1                                     cstackBANK0  000081
___ftmul@f2                                     cstackBANK0  000084
___ftmul@f3_as_product                          cstackBANK0  00008B
___ftmul@sign                                   cstackBANK0  00008F
___ftneg                                        text61       00596C
___ftneg@f1                                     cstackCOMRAM 00001A
___ftpack                                       text60       004A08
___ftpack@arg                                   cstackCOMRAM 00001A
___ftpack@exp                                   cstackCOMRAM 00001D
___ftpack@sign                                  cstackCOMRAM 00001E
___ftsub                                        text58       005554
___ftsub@f1                                     cstackBANK0  00006C
___ftsub@f2                                     cstackBANK0  00006F
___fttol                                        text57       0046FA
___fttol@exp1                                   cstackBANK0  0000A5
___fttol@f1                                     cstackBANK0  000097
___fttol@lval                                   cstackBANK0  0000A1
___fttol@sign1                                  cstackBANK0  0000A0
___inthi_sp                                     stack        000000
___intlo_sp                                     stack        000000
___lldiv                                        text56       004C62
___lldiv@counter                                cstackCOMRAM 000026
___lldiv@dividend                               cstackCOMRAM 00001A
___lldiv@divisor                                cstackCOMRAM 00001E
___lldiv@quotient                               cstackCOMRAM 000022
___llmod                                        text55       004FA2
___llmod@counter                                cstackCOMRAM 000022
___llmod@dividend                               cstackCOMRAM 00001A
___llmod@divisor                                cstackCOMRAM 00001E
___lltoft                                       text54       00506C
___lltoft@c                                     cstackCOMRAM 000022
___lltoft@exp                                   cstackCOMRAM 00002A
___lwdiv                                        text50       00527C
___lwdiv@counter                                cstackCOMRAM 000023
___lwdiv@dividend                               cstackCOMRAM 00001F
___lwdiv@divisor                                cstackCOMRAM 000021
___lwdiv@quotient                               cstackCOMRAM 000024
[...]
		On exit  : 
		Unchanged: 
 Data sizes:     COMRAM   BANK0   BANK1   BANK2   BANK3   BANK4   BANK5
      Params:         0       0       0       0       0       0       0
      Locals:         0       0       0       0       0       0       0
      Temps:          0       0       0       0       0       0       0
      Totals:         0       0       0       0       0       0       0
Total ram usage:        0 bytes
 Hardware stack levels used:    1
 This function calls:
		Nothing
 This function is called by:
		_EUSART1_Initialize
		_EUSART1_Receive_ISR
 This function uses a non-reentrant model


 *************** function _EUSART1_DefaultFramingErrorHandler *****************
 Defined at:
		line 569 in file "mcc_generated_files/eusart1.c"
 Parameters:    Size  Location     Type
		None
 Auto vars:     Size  Location     Type
		None
 Return value:  Size  Location     Type
                  1    wreg      void 
 Registers used:
		None
 Tracked objects:
		On entry : 
		On exit  : 
		Unchanged: 
 Data sizes:     COMRAM   BANK0   BANK1   BANK2   BANK3   BANK4   BANK5
      Params:         0       0       0       0       0       0       0
      Locals:         0       0       0       0       0       0       0
      Temps:          0       0       0       0       0       0       0
      Totals:         0       0       0       0       0       0       0
Total ram usage:        0 bytes
 Hardware stack levels used:    1
 This function calls:
		Nothing
 This function is called by:
		_EUSART1_Initialize
		_EUSART1_Receive_ISR
 This function uses a non-reentrant model


 *************** function _EUSART1_DefaultErrorHandler *****************
 Defined at:
		line 579 in file "mcc_generated_files/eusart1.c"
 Parameters:    Size  Location     Type
		None
 Auto vars:     Size  Location     Type
		None
 Return value:  Size  Location     Type
                  1    wreg      void 
 Registers used:
		wreg, fsr2l, fsr2h, status,2, status,0, cstack
 Tracked objects:
		On entry : 
		On exit  : 
		Unchanged: 
 Data sizes:     COMRAM   BANK0   BANK1   BANK2   BANK3   BANK4   BANK5
      Params:         0       0       0       0       0       0       0
      Locals:         0       0       0       0       0       0       0
      Temps:          0       0       0       0       0       0       0
      Totals:         0       0       0       0       0       0       0
Total ram usage:        0 bytes
 Hardware stack levels used:    1
 Hardware stack levels required when called:    2
 This function calls:
		_EUSART1_RxDataHandler
 This function is called by:
		_EUSART1_Initialize
		_EUSART1_Receive_ISR
 This function uses a non-reentrant model


 *************** function _EUSART1_RxDataHandler *****************
 Defined at:
		line 343 in file "mcc_generated_files/eusart1.c"
 Parameters:    Size  Location     Type
		None
 Auto vars:     Size  Location     Type
  i               2   19[COMRAM] int 
  i               2   17[COMRAM] int 
  i               2   15[COMRAM] int 
  i               2   13[COMRAM] int 
  i               2   11[COMRAM] int 
  i               2    9[COMRAM] int 
  i               2    7[COMRAM] int 
  i               2    5[COMRAM] int 
 Return value:  Size  Location     Type
                  1    wreg      void 
 Registers used:
		wreg, fsr2l, fsr2h, status,2, status,0, cstack
 Tracked objects:
		On entry : 
		On exit  : 
		Unchanged: 
 Data sizes:     COMRAM   BANK0   BANK1   BANK2   BANK3   BANK4   BANK5
      Params:         0       0       0       0       0       0       0
      Locals:        16       0       0       0       0       0       0
      Temps:          1       0       0       0       0       0       0
      Totals:        17       0       0       0       0       0       0
Total ram usage:       17 bytes
 Hardware stack levels used:    1
 Hardware stack levels required when called:    1
 This function calls:
		__stepReverse_
		__step_
		i2_PWM5_LoadDutyValue
 This function is called by:
		_EUSART1_Receive_ISR
		_EUSART1_DefaultErrorHandler
 This function uses a non-reentrant model


 *************** function i2_PWM5_LoadDutyValue *****************
 Defined at:
		line 82 in file "mcc_generated_files/pwm5.c"
 Parameters:    Size  Location     Type
  dutyValue       2    0[COMRAM] unsigned int 
 Auto vars:     Size  Location     Type
		None
 Return value:  Size  Location     Type
                  1    wreg      void 
 Registers used:
		wreg, status,2, status,0
 Tracked objects:
		On entry : 
		On exit  : 
		Unchanged: 
 Data sizes:     COMRAM   BANK0   BANK1   BANK2   BANK3   BANK4   BANK5
      Params:         2       0       0       0       0       0       0
      Locals:         0       0       0       0       0       0       0
      Temps:          2       0       0       0       0       0       0
      Totals:         4       0       0       0       0       0       0
Total ram usage:        4 bytes
 Hardware stack levels used:    1
 This function calls:
		Nothing
 This function is called by:
		_EUSART1_RxDataHandler
 This function uses a non-reentrant model


 *************** function __step_ *****************
 Defined at:
		line 108 in file "mcc_generated_files/eusart1.c"
 Parameters:    Size  Location     Type
  stepDirectio    2    0[COMRAM] int 
 Auto vars:     Size  Location     Type
		None
 Return value:  Size  Location     Type
                  1    wreg      void 
 Registers used:
		wreg, status,2, status,0
 Tracked objects:
		On entry : 
		On exit  : 
		Unchanged: 
 Data sizes:     COMRAM   BANK0   BANK1   BANK2   BANK3   BANK4   BANK5
      Params:         2       0       0       0       0       0       0
      Locals:         0       0       0       0       0       0       0
      Temps:          0       0       0       0       0       0       0
      Totals:         2       0       0       0       0       0       0
Total ram usage:        2 bytes
 Hardware stack levels used:    1
 This function calls:
		Nothing
 This function is called by:
		_EUSART1_RxDataHandler
 This function uses a non-reentrant model


 *************** function __stepReverse_ *****************
 Defined at:
		line 145 in file "mcc_generated_files/eusart1.c"
 Parameters:    Size  Location     Type
  stepDirectio    2    0[COMRAM] int 
 Auto vars:     Size  Location     Type
		None
 Return value:  Size  Location     Type
                  1    wreg      void 
 Registers used:
		wreg, status,2, status,0
 Tracked objects:
		On entry : 
		On exit  : 
		Unchanged: 
 Data sizes:     COMRAM   BANK0   BANK1   BANK2   BANK3   BANK4   BANK5
      Params:         2       0       0       0       0       0       0
      Locals:         0       0       0       0       0       0       0
      Temps:          0       0       0       0       0       0       0
      Totals:         2       0       0       0       0       0       0
Total ram usage:        2 bytes
 Hardware stack levels used:    1
 This function calls:
		Nothing
 This function is called by:
		_EUSART1_RxDataHandler
 This function uses a non-reentrant model



MODULE INFORMATION

Module		Function		Class		Link	Load	Size
C:\Program Files (x86)\Microchip\xc8\v2.05\pic\sources\c90\common\isdigit.c
		_isdigit       		CODE           	5990	0000	31

C:\Program Files (x86)\Microchip\xc8\v2.05\pic\sources\c90\common\isdigit.c estimated size: 31

C:\Program Files (x86)\Microchip\xc8\v2.05\pic\sources\c90\common\doprnt.c
		_scale         		CODE           	2AE4	0000	889
		_fround        		CODE           	2E5C	0000	615
		__doprnt       		CODE           	1244	0000	3569

C:\Program Files (x86)\Microchip\xc8\v2.05\pic\sources\c90\common\doprnt.c estimated size: 5073

C:\Program Files (x86)\Microchip\xc8\v2.05\pic\sources\c90\common\llmod.c
		___llmod       		CODE           	4FA2	0000	103

C:\Program Files (x86)\Microchip\xc8\v2.05\pic\sources\c90\common\llmod.c estimated size: 103

C:\Program Files (x86)\Microchip\xc8\v2.05\pic\sources\c90\common\log.c
		_log           		CODE           	3F6E	0000	299

C:\Program Files (x86)\Microchip\xc8\v2.05\pic\sources\c90\common\log.c estimated size: 299

C:\Program Files (x86)\Microchip\xc8\v2.05\pic\sources\c90\common\lltoft.c
		___lltoft      		CODE           	506C	0000	93

C:\Program Files (x86)\Microchip\xc8\v2.05\pic\sources\c90\common\lltoft.c estimated size: 93

C:\Program Files (x86)\Microchip\xc8\v2.05\pic\sources\c90\common\frexp.c
		_ldexp         		CODE           	47D0	0000	211
		_frexp         		CODE           	4B54	0000	139

C:\Program Files (x86)\Microchip\xc8\v2.05\pic\sources\c90\common\frexp.c estimated size: 350

C:\Program Files (x86)\Microchip\xc8\v2.05\pic\sources\c90\common\floor.c
		_floor         		CODE           	4468	0000	227

C:\Program Files (x86)\Microchip\xc8\v2.05\pic\sources\c90\common\floor.c estimated size: 227

C:\Program Files (x86)\Microchip\xc8\v2.05\pic\sources\c90\common\ftmul.c
		___ftmul       		CODE           	4196	0000	247

C:\Program Files (x86)\Microchip\xc8\v2.05\pic\sources\c90\common\ftmul.c estimated size: 247

mcc_generated_files/tmr2.c
		_TMR2_Initialize		CODE           	5A68	0000	15

mcc_generated_files/tmr2.c estimated size: 15

C:\Program Files (x86)\Microchip\xc8\v2.05\pic\sources\c90\common\sprintf.c
		_sprintf       		CODE           	548C	0000	69

C:\Program Files (x86)\Microchip\xc8\v2.05\pic\sources\c90\common\sprintf.c estimated size: 69

mcc_generated_files/interrupt_manager.c
		_INTERRUPT_Initialize		CODE           	5B2A	0000	5
		_INTERRUPT_InterruptManager		CODE           	0008	0000	157

mcc_generated_files/interrupt_manager.c estimated size: 162

C:\Program Files (x86)\Microchip\xc8\v2.05\pic\sources\c90\common\awmod.c
		___awmod       		CODE           	4F32	0000	113

C:\Program Files (x86)\Microchip\xc8\v2.05\pic\sources\c90\common\awmod.c estimated size: 113

C:\Program Files (x86)\Microchip\xc8\v2.05\pic\sources\c90\common\pow.c
		_pow           		CODE           	3B5E	0000	385

C:\Program Files (x86)\Microchip\xc8\v2.05\pic\sources\c90\common\pow.c estimated size: 385

C:\Program Files (x86)\Microchip\xc8\v2.05\pic\sources\c90\common\ftdiv.c
		___ftdiv       		CODE           	4380	0000	233

C:\Program Files (x86)\Microchip\xc8\v2.05\pic\sources\c90\common\ftdiv.c estimated size: 233

mcc_generated_files/i2c1.c
		_I2C1_BusCollisionISR		CODE           	5B32	0000	5
		_I2C1_FunctionComplete		CODE           	59E6	0000	29
		_I2C1_ISR      		CODE           	3570	0000	591
		_I2C1_Initialize		CODE           	5768	0000	53
		_I2C1_Stop     		CODE           	55D8	0000	67

mcc_generated_files/i2c1.c estimated size: 745

i2c.c
		_I2C_stop      		CODE           	5AF6	0000	9
		_I2C_wait      		CODE           	5A2C	0000	19
		_I2C_start     		CODE           	5AFE	0000	9
		_I2C_select    		CODE           	5A84	0000	15
		_I2C_write     		CODE           	5A92	0000	13

i2c.c estimated size: 65

C:\Program Files (x86)\Microchip\xc8\v2.05\pic\sources\c90\common\ftdivl.c
		__tdiv_to_l_   		CODE           	4098	0000	255

C:\Program Files (x86)\Microchip\xc8\v2.05\pic\sources\c90\common\ftdivl.c estimated size: 255

mcc_generated_files/pin_manager.c
		_PIN_MANAGER_Initialize		CODE           	5446	0000	71

mcc_generated_files/pin_manager.c estimated size: 71

C:\Program Files (x86)\Microchip\xc8\v2.05\pic\sources\c90\common\lwdiv.c
		___lwdiv       		CODE           	527C	0000	83

C:\Program Files (x86)\Microchip\xc8\v2.05\pic\sources\c90\common\lwdiv.c estimated size: 83

C:\Program Files (x86)\Microchip\xc8\v2.05\pic\sources\c90\common\Umul16.c
		___wmul        		CODE           	5922	0000	39

C:\Program Files (x86)\Microchip\xc8\v2.05\pic\sources\c90\common\Umul16.c estimated size: 39

mcc_generated_files/adc.c
		_ADC_Initialize		CODE           	5A02	0000	23
		_ADC_GetConversion		CODE           	5800	0000	49

mcc_generated_files/adc.c estimated size: 72

C:\Program Files (x86)\Microchip\xc8\v2.05\pic\sources\c90\common\fldivl.c
		__div_to_l_    		CODE           	428C	0000	245

C:\Program Files (x86)\Microchip\xc8\v2.05\pic\sources\c90\common\fldivl.c estimated size: 245

C:\Program Files (x86)\Microchip\xc8\v2.05\pic\sources\c90\common\evalpoly.c
		_eval_poly     		CODE           	454A	0000	219

C:\Program Files (x86)\Microchip\xc8\v2.05\pic\sources\c90\common\evalpoly.c estimated size: 219

C:\Program Files (x86)\Microchip\xc8\v2.05\pic\sources\c90\common\fttol.c
		___fttol       		CODE           	46FA	0000	215

C:\Program Files (x86)\Microchip\xc8\v2.05\pic\sources\c90\common\fttol.c estimated size: 215

C:\Program Files (x86)\Microchip\xc8\v2.05\pic\sources\c90\common\printf.c
		_printf        		CODE           	5654	0000	59

C:\Program Files (x86)\Microchip\xc8\v2.05\pic\sources\c90\common\printf.c estimated size: 59

C:\Program Files (x86)\Microchip\xc8\v2.05\pic\sources\c90\common\awdiv.c
		___awdiv       		CODE           	4BDE	0000	133

C:\Program Files (x86)\Microchip\xc8\v2.05\pic\sources\c90\common\awdiv.c estimated size: 133

C:\Program Files (x86)\Microchip\xc8\v2.05\pic\sources\c90\common\ftadd.c
		___ftadd       		CODE           	39B4	0000	427

C:\Program Files (x86)\Microchip\xc8\v2.05\pic\sources\c90\common\ftadd.c estimated size: 427

shared
		exp@coeff      		MEDIUMCONST    	7EA1	0000	31
		__powers_      		MEDIUMCONST    	7E2B	0000	40
		_dpowers       		MEDIUMCONST    	7E79	0000	41
		__npowers_     		MEDIUMCONST    	7E52	0000	40
		__initialization		CODE           	48A2	0000	167
		i2_PWM5_LoadDutyValue		CODE           	57CE	0000	51
		log@coeff      		MEDIUMCONST    	7EBF	0000	28

shared estimated size: 398

mcc_generated_files/eusart1.c
		_EUSART1_SetRxInterruptHandler		CODE           	5AC6	0000	11
		_EUSART1_SetTxInterruptHandler		CODE           	5ABC	0000	11
		_EUSART1_GetSensorsBool		CODE           	5B06	0000	7
		_EUSART1_Initialize		CODE           	4D5E	0000	121
		_putch         		CODE           	5A9E	0000	11
		__step_        		CODE           	5226	0000	87
		_EUSART1_DefaultErrorHandler		CODE           	5B18	0000	7
		_EUSART1_SetFramingErrorHandler		CODE           	5ADA	0000	11
		__stepReverse_ 		CODE           	5178	0000	89
		_EUSART1_GetAutoModeBool		CODE           	5B0C	0000	7
		_EUSART1_SetOverrunErrorHandler		CODE           	5AD0	0000	11
		_EUSART1_ToggleSensorsBool		CODE           	5AEE	0000	9
		_EUSART1_SetErrorHandler		CODE           	5AE4	0000	11
		_EUSART1_Write 		CODE           	56C6	0000	57
		_EUSART1_Receive_ISR		CODE           	4AB6	0000	159
		_EUSART1_RxDataHandler		CODE           	2034	0000	1549
		_EUSART1_DefaultOverrunErrorHandler		CODE           	5B12	0000	7
		_EUSART1_GetUnitTestCounter		CODE           	5AA8	0000	11
		_EUSART1_Transmit_ISR		CODE           	5830	0000	45
		_EUSART1_DefaultFramingErrorHandler		CODE           	5B3E	0000	3

mcc_generated_files/eusart1.c estimated size: 2224

mcc_generated_files/pwm5.c
		_PWM5_LoadDutyValue		CODE           	579C	0000	51
		_PWM5_Initialize		CODE           	5A18	0000	21

mcc_generated_files/pwm5.c estimated size: 72

mcc_generated_files/mcc.c
		_OSCILLATOR_Initialize		CODE           	5A76	0000	15
		_SYSTEM_Initialize		CODE           	585C	0000	43

mcc_generated_files/mcc.c estimated size: 58

C:\Program Files (x86)\Microchip\xc8\v2.05\pic\sources\c90\common\ftge.c
		___ftge        		CODE           	4EBE	0000	117

C:\Program Files (x86)\Microchip\xc8\v2.05\pic\sources\c90\common\ftge.c estimated size: 117

mcc_generated_files/tmr3.c
		_TMR3_ISR      		CODE           	536A	0000	77
		_TMR3_Initialize		CODE           	5886	0000	43
		_TMR3_SetInterruptHandler		CODE           	5AB2	0000	11
		_TMR3_StopTimer		CODE           	5B26	0000	5
		_TMR3_DefaultInterruptHandler		CODE           	5B3C	0000	3
		_TMR3_WriteTimer		CODE           	59AE	0000	29
		_TMR3_StartTimer		CODE           	5B22	0000	5

mcc_generated_files/tmr3.c estimated size: 173

C:\Program Files (x86)\Microchip\xc8\v2.05\pic\sources\c90\common\strcat.c
		_strcat        		CODE           	54D0	0000	67

C:\Program Files (x86)\Microchip\xc8\v2.05\pic\sources\c90\common\strcat.c estimated size: 67

mcc_generated_files/i2c2.c
		_I2C2_BusCollisionISR		CODE           	5B2E	0000	5
		_I2C2_FunctionComplete		CODE           	59CA	0000	29
		_I2C2_ISR      		CODE           	3322	0000	591
		_I2C2_Initialize		CODE           	5734	0000	53
		_I2C2_Stop     		CODE           	5596	0000	67

mcc_generated_files/i2c2.c estimated size: 745

lcd.c
		_LCD_clear     		CODE           	58FC	0000	39
		_LCD_send_string		CODE           	2640	0000	1189
		_LCD_init      		CODE           	5008	0000	101
		_LCD_send_cmd  		CODE           	53FE	0000	73
		_LCD_send_data 		CODE           	531E	0000	77
		_LCD_select_line		CODE           	561A	0000	59
		_LCD_backlight 		CODE           	56FE	0000	55

lcd.c estimated size: 1593

C:\Program Files (x86)\Microchip\xc8\v2.05\pic\sources\c90\common\exp.c
		_exp           		CODE           	37BE	0000	503

C:\Program Files (x86)\Microchip\xc8\v2.05\pic\sources\c90\common\exp.c estimated size: 503

C:\Program Files (x86)\Microchip\xc8\v2.05\pic\sources\c90\common\lwtoft.c
		___lwtoft      		CODE           	5948	0000	37

C:\Program Files (x86)\Microchip\xc8\v2.05\pic\sources\c90\common\lwtoft.c estimated size: 37

C:\Program Files (x86)\Microchip\xc8\v2.05\pic\sources\c90\common\ftneg.c
		___ftneg       		CODE           	596C	0000	37

C:\Program Files (x86)\Microchip\xc8\v2.05\pic\sources\c90\common\ftneg.c estimated size: 37

C:\Program Files (x86)\Microchip\xc8\v2.05\pic\sources\c90\common\awtoft.c
		___awtoft      		CODE           	568E	0000	57

C:\Program Files (x86)\Microchip\xc8\v2.05\pic\sources\c90\common\awtoft.c estimated size: 57

C:\Program Files (x86)\Microchip\xc8\v2.05\pic\sources\c90\common\altoft.c
		___altoft      		CODE           	4CE4	0000	123

C:\Program Files (x86)\Microchip\xc8\v2.05\pic\sources\c90\common\altoft.c estimated size: 123

C:\Program Files (x86)\Microchip\xc8\v2.05\pic\sources\c90\common\ftsub.c
		___ftsub       		CODE           	5554	0000	67

C:\Program Files (x86)\Microchip\xc8\v2.05\pic\sources\c90\common\ftsub.c estimated size: 67

C:\Program Files (x86)\Microchip\xc8\v2.05\pic\sources\c90\common\__lldiv.c
		___lldiv       		CODE           	4C62	0000	131

C:\Program Files (x86)\Microchip\xc8\v2.05\pic\sources\c90\common\__lldiv.c estimated size: 131

C:\Program Files (x86)\Microchip\xc8\v2.05\pic\sources\c90\common\float.c
		___ftpack      		CODE           	4A08	0000	175

C:\Program Files (x86)\Microchip\xc8\v2.05\pic\sources\c90\common\float.c estimated size: 175

main.c
		_i2cRead       		CODE           	4624	0000	215
		_sendPulse1    		CODE           	5A5A	0000	15
		_sendPulse2    		CODE           	5A4C	0000	15
		_sendPulse3    		CODE           	5A3E	0000	15
		_i2cRepeatedStart		CODE           	58D6	0000	39
		_main          		CODE           	30C2	0000	609
		_azoTouchPollAuto		CODE           	4E4A	0000	117
		__stepMotor_   		CODE           	51D0	0000	87
		_i2cStart      		CODE           	58B0	0000	39
		_printOn       		CODE           	4956	0000	179
		_printAuto     		CODE           	00A8	0000	4509
		_sendData      		CODE           	4DD6	0000	117
		__stepMotorReverse_		CODE           	50C8	0000	89
		_dcMotor       		CODE           	5120	0000	89
		_azoTouchPollManual		CODE           	3CDE	0000	355
		_i2cStop       		CODE           	53B6	0000	73
		_initialiseTCP 		CODE           	3E40	0000	303

main.c estimated size: 6865

C:\Program Files (x86)\Microchip\xc8\v2.05\pic\sources\c90\common\lwmod.c
		___lwmod       		CODE           	5512	0000	67

C:\Program Files (x86)\Microchip\xc8\v2.05\pic\sources\c90\common\lwmod.c estimated size: 67

